
[1m[46m RUN [49m[22m [36mv4.0.18 [39m[90mD:/Nextjs/med-round[39m

[dotenv@17.2.3] injecting env (9) from .env.test -- tip: ­ƒöÉ prevent building .env in docker: https://dotenvx.com/prebuild
­ƒº¬ [Global Setup] Iniciando configuraci├│n de tests...
   Database: D:\Nextjs\med-round\medround_test.db
   NODE_ENV: test
   DATABASE_URL: file:./medround_test.db
Ô£à [Global Setup] Cliente Prisma ya existe, omitiendo regeneraci├│n
­ƒôè [Global Setup] Aplicando migraciones a BD de test SQLite...
Environment variables loaded from .env
Prisma schema loaded from prisma\schema.test.prisma
Datasource "db": SQLite database "medround_test.db" at "file:./medround_test.db"

No migration found in prisma/migrations


No pending migrations to apply.
Ô£à [Global Setup] Base de datos de test lista
[90mstdout[2m | tests/unit/schemas/patientSchema.test.ts
[22m[39m­ƒôª [Prisma] Modo SQLite (tests)

[90mstdout[2m | tests/unit/schemas/patientSchema.test.ts
[22m[39m­ƒÜÇ [Test Setup] Configuraci├│n de tests cargada

[90mstdout[2m | tests/unit/schemas/patientSchema.test.ts
[22m[39mÔ£à [Test Setup] Conexi├│n a base de datos de test establecida
   Database: file:./medround_test.db

[90mstdout[2m | tests/unit/schemas/patientSchema.test.ts[2m > [22m[2mpatientSchema[2m > [22m[2mdeber├¡a validar datos correctos
[22m[39m­ƒº╣ [Test Setup] Base de datos limpiada para el siguiente test

[90mstdout[2m | tests/unit/schemas/patientSchema.test.ts[2m > [22m[2mpatientSchema[2m > [22m[2mdeber├¡a fallar si faltan campos obligatorios
[22m[39m­ƒº╣ [Test Setup] Base de datos limpiada para el siguiente test

[90mstdout[2m | tests/unit/schemas/patientSchema.test.ts[2m > [22m[2mpatientSchema[2m > [22m[2mdeber├¡a fallar con fechas inv├ílidas
[22m[39m­ƒº╣ [Test Setup] Base de datos limpiada para el siguiente test

[90mstdout[2m | tests/unit/schemas/patientSchema.test.ts[2m > [22m[2mpatientSchema[2m > [22m[2mdeber├¡a fallar con g├®nero inv├ílido
[22m[39m­ƒº╣ [Test Setup] Base de datos limpiada para el siguiente test

[90mstdout[2m | tests/unit/schemas/patientSchema.test.ts[2m > [22m[2mpatientSchema[2m > [22m[2mdeber├¡a permitir campos opcionales nulos
[22m[39m­ƒº╣ [Test Setup] Base de datos limpiada para el siguiente test

[90mstdout[2m | tests/unit/schemas/patientSchema.test.ts[2m > [22m[2mpatientSchema[2m > [22m[2mdeber├¡a validar que peso y altura sean positivos
[22m[39m­ƒº╣ [Test Setup] Base de datos limpiada para el siguiente test

 [31mÔØ»[39m tests/unit/schemas/patientSchema.test.ts [2m([22m[2m6 tests[22m[2m | [22m[31m1 failed[39m[2m)[22m[32m 22[2mms[22m[39m
     [32mÔ£ô[39m deber├¡a validar datos correctos[32m 6[2mms[22m[39m
[31m     [31m├ù[31m deber├¡a fallar si faltan campos obligatorios[39m[32m 7[2mms[22m[39m
     [32mÔ£ô[39m deber├¡a fallar con fechas inv├ílidas[32m 2[2mms[22m[39m
     [32mÔ£ô[39m deber├¡a fallar con g├®nero inv├ílido[32m 1[2mms[22m[39m
     [32mÔ£ô[39m deber├¡a permitir campos opcionales nulos[32m 1[2mms[22m[39m
     [32mÔ£ô[39m deber├¡a validar que peso y altura sean positivos[32m 1[2mms[22m[39m
node.exe : 
En C:\nvm4w\nodejs\npx.ps1: 29 Carácter: 3
+   & $NODE_EXE $NPX_CLI_JS $args
+   ~~~~~~~~~~~~~~~~~~~~~~~~~~~~~
    + CategoryInfo          : NotSpecified: (:String) [], 
    RemoteException
    + FullyQualifiedErrorId : NativeCommandError
 
[31mÔÄ»ÔÄ»ÔÄ»ÔÄ»ÔÄ»ÔÄ»ÔÄ»[39m[1m[41m Failed Tests 1 
[49m[22m[31mÔÄ»ÔÄ»ÔÄ»ÔÄ»ÔÄ»ÔÄ»ÔÄ»[39m

[41m[1m FAIL [22m[49m 
tests/unit/schemas/patientSchema.test.ts[2m > 
[22mpatientSchema[2m > [22mdeber├¡a fallar si faltan 
campos obligatorios
[31m[1mAssertionError[22m: expected 'Invalid input: 
expected string, receiÔÇª' to be 'Nombre requerido' // 
Object.is equality[39m

Expected: [32m"Nombre requerido"[39m
Received: [31m"Invalid input: expected string, received 
undefined"[39m

[36m [2mÔØ»[22m tests/unit/schemas/patientSchema.test.t
s:[2m43:46[22m[39m
    [90m 41| [39m    [35mif[39m 
([33m![39mresult[33m.[39msuccess)
    [90m 42| [39m    {
    [90m 43| [39m      [34mexpect[39m(result[33m.[39
merror[33m.[39missues[[34m0[39m][33m.[39mmessage)[3
3m.[39m[34mtoBe[39m([32m"Nombre 
requerido"[39m)[33m;[39m
    [90m   | [39m                                       
      [31m^[39m
    [90m 44| [39m    }
    [90m 45| [39m  })[33m;[39m

[31m[2mÔÄ»ÔÄ»ÔÄ»ÔÄ»ÔÄ»ÔÄ»ÔÄ»ÔÄ»ÔÄ»ÔÄ»ÔÄ»ÔÄ»ÔÄ»ÔÄ»ÔÄ»ÔÄ»Ô
Ä»ÔÄ»ÔÄ»ÔÄ»ÔÄ»ÔÄ»ÔÄ»ÔÄ»[1/1]ÔÄ»[22m[39m


[2m Test Files [22m [1m[31m1 failed[39m[22m[90m (1)[39m
[2m      Tests [22m [1m[31m1 failed[39m[22m[2m | [22m[1m[32m5 passed[39m[22m[90m (6)[39m
[2m   Start at [22m 19:45:50
[2m   Duration [22m 1.63s[2m (transform 44ms, setup 64ms, import 102ms, tests 22ms, environment 0ms)[22m

